device;datastream;feed;from;at;value
device_value_json;objeto;Manuela;2017-05-25T15:06:00Z;2017-05-25T15:06:00Z;'{"field1":true,"field2":52}'
device_value_json;objeto;Manuela;2017-05-25T15:07:40Z;2017-05-25T15:07:40Z;'{"field1":["text1","text2"],"field2":32}'
device_value_json;objeto;Manuela;2017-05-25T15:09:20Z;2017-05-25T15:09:20Z;'{"field2":{"field2":52,"field1":"hola"}}'
device_value_array;objeto;Manuela;2017-05-25T15:07:40Z;2017-05-25T15:07:40Z;["text1",null]
device_value_array;objeto;Manuela;2017-05-25T15:09:20Z;2017-05-25T15:09:20Z;[["text1",5],{"field1":"text","field2":12}]